Archive member included to satisfy reference by file (symbol)

C:/ST/STM32CubeIDE_1.15.0/STM32CubeIDE/plugins/com.st.stm32cube.ide.mcu.externaltools.gnu-tools-for-stm32.12.3.rel1.win32_1.0.100.202403111256/tools/bin/../lib/gcc/arm-none-eabi/12.3.1/../../../../arm-none-eabi/lib/thumb/v7e-m+fp/hard\libc_nano.a(libc_a-exit.o)
                              C:/ST/STM32CubeIDE_1.15.0/STM32CubeIDE/plugins/com.st.stm32cube.ide.mcu.externaltools.gnu-tools-for-stm32.12.3.rel1.win32_1.0.100.202403111256/tools/bin/../lib/gcc/arm-none-eabi/12.3.1/../../../../arm-none-eabi/lib/thumb/v7e-m+fp/hard/crt0.o (exit)
C:/ST/STM32CubeIDE_1.15.0/STM32CubeIDE/plugins/com.st.stm32cube.ide.mcu.externaltools.gnu-tools-for-stm32.12.3.rel1.win32_1.0.100.202403111256/tools/bin/../lib/gcc/arm-none-eabi/12.3.1/../../../../arm-none-eabi/lib/thumb/v7e-m+fp/hard\libc_nano.a(libc_a-findfp.o)
                              C:/ST/STM32CubeIDE_1.15.0/STM32CubeIDE/plugins/com.st.stm32cube.ide.mcu.externaltools.gnu-tools-for-stm32.12.3.rel1.win32_1.0.100.202403111256/tools/bin/../lib/gcc/arm-none-eabi/12.3.1/../../../../arm-none-eabi/lib/thumb/v7e-m+fp/hard\libc_nano.a(libc_a-exit.o) (__stdio_exit_handler)
C:/ST/STM32CubeIDE_1.15.0/STM32CubeIDE/plugins/com.st.stm32cube.ide.mcu.externaltools.gnu-tools-for-stm32.12.3.rel1.win32_1.0.100.202403111256/tools/bin/../lib/gcc/arm-none-eabi/12.3.1/../../../../arm-none-eabi/lib/thumb/v7e-m+fp/hard\libc_nano.a(libc_a-fwalk.o)
                              C:/ST/STM32CubeIDE_1.15.0/STM32CubeIDE/plugins/com.st.stm32cube.ide.mcu.externaltools.gnu-tools-for-stm32.12.3.rel1.win32_1.0.100.202403111256/tools/bin/../lib/gcc/arm-none-eabi/12.3.1/../../../../arm-none-eabi/lib/thumb/v7e-m+fp/hard\libc_nano.a(libc_a-findfp.o) (_fwalk_sglue)
C:/ST/STM32CubeIDE_1.15.0/STM32CubeIDE/plugins/com.st.stm32cube.ide.mcu.externaltools.gnu-tools-for-stm32.12.3.rel1.win32_1.0.100.202403111256/tools/bin/../lib/gcc/arm-none-eabi/12.3.1/../../../../arm-none-eabi/lib/thumb/v7e-m+fp/hard\libc_nano.a(libc_a-stdio.o)
                              C:/ST/STM32CubeIDE_1.15.0/STM32CubeIDE/plugins/com.st.stm32cube.ide.mcu.externaltools.gnu-tools-for-stm32.12.3.rel1.win32_1.0.100.202403111256/tools/bin/../lib/gcc/arm-none-eabi/12.3.1/../../../../arm-none-eabi/lib/thumb/v7e-m+fp/hard\libc_nano.a(libc_a-findfp.o) (__sread)
C:/ST/STM32CubeIDE_1.15.0/STM32CubeIDE/plugins/com.st.stm32cube.ide.mcu.externaltools.gnu-tools-for-stm32.12.3.rel1.win32_1.0.100.202403111256/tools/bin/../lib/gcc/arm-none-eabi/12.3.1/../../../../arm-none-eabi/lib/thumb/v7e-m+fp/hard\libc_nano.a(libc_a-memset.o)
                              C:/ST/STM32CubeIDE_1.15.0/STM32CubeIDE/plugins/com.st.stm32cube.ide.mcu.externaltools.gnu-tools-for-stm32.12.3.rel1.win32_1.0.100.202403111256/tools/bin/../lib/gcc/arm-none-eabi/12.3.1/../../../../arm-none-eabi/lib/thumb/v7e-m+fp/hard/crt0.o (memset)
C:/ST/STM32CubeIDE_1.15.0/STM32CubeIDE/plugins/com.st.stm32cube.ide.mcu.externaltools.gnu-tools-for-stm32.12.3.rel1.win32_1.0.100.202403111256/tools/bin/../lib/gcc/arm-none-eabi/12.3.1/../../../../arm-none-eabi/lib/thumb/v7e-m+fp/hard\libc_nano.a(libc_a-closer.o)
                              C:/ST/STM32CubeIDE_1.15.0/STM32CubeIDE/plugins/com.st.stm32cube.ide.mcu.externaltools.gnu-tools-for-stm32.12.3.rel1.win32_1.0.100.202403111256/tools/bin/../lib/gcc/arm-none-eabi/12.3.1/../../../../arm-none-eabi/lib/thumb/v7e-m+fp/hard\libc_nano.a(libc_a-stdio.o) (_close_r)
C:/ST/STM32CubeIDE_1.15.0/STM32CubeIDE/plugins/com.st.stm32cube.ide.mcu.externaltools.gnu-tools-for-stm32.12.3.rel1.win32_1.0.100.202403111256/tools/bin/../lib/gcc/arm-none-eabi/12.3.1/../../../../arm-none-eabi/lib/thumb/v7e-m+fp/hard\libc_nano.a(libc_a-reent.o)
                              C:/ST/STM32CubeIDE_1.15.0/STM32CubeIDE/plugins/com.st.stm32cube.ide.mcu.externaltools.gnu-tools-for-stm32.12.3.rel1.win32_1.0.100.202403111256/tools/bin/../lib/gcc/arm-none-eabi/12.3.1/../../../../arm-none-eabi/lib/thumb/v7e-m+fp/hard\libc_nano.a(libc_a-closer.o) (errno)
C:/ST/STM32CubeIDE_1.15.0/STM32CubeIDE/plugins/com.st.stm32cube.ide.mcu.externaltools.gnu-tools-for-stm32.12.3.rel1.win32_1.0.100.202403111256/tools/bin/../lib/gcc/arm-none-eabi/12.3.1/../../../../arm-none-eabi/lib/thumb/v7e-m+fp/hard\libc_nano.a(libc_a-impure.o)
                              C:/ST/STM32CubeIDE_1.15.0/STM32CubeIDE/plugins/com.st.stm32cube.ide.mcu.externaltools.gnu-tools-for-stm32.12.3.rel1.win32_1.0.100.202403111256/tools/bin/../lib/gcc/arm-none-eabi/12.3.1/../../../../arm-none-eabi/lib/thumb/v7e-m+fp/hard\libc_nano.a(libc_a-reent.o) (_impure_ptr)
C:/ST/STM32CubeIDE_1.15.0/STM32CubeIDE/plugins/com.st.stm32cube.ide.mcu.externaltools.gnu-tools-for-stm32.12.3.rel1.win32_1.0.100.202403111256/tools/bin/../lib/gcc/arm-none-eabi/12.3.1/../../../../arm-none-eabi/lib/thumb/v7e-m+fp/hard\libc_nano.a(libc_a-lseekr.o)
[...]
Memory Configuration

Name             Origin             Length             Attributes
CCMRAM           0x10000000         0x00010000         xrw
RAM              0x20000000         0x00020000         xrw
FLASH            0x08000000         0x00100000         xr
*default*        0x00000000         0xffffffff

Linker script and memory map

LOAD C:/ST/STM32CubeIDE_1.15.0/STM32CubeIDE/plugins/com.st.stm32cube.ide.mcu.externaltools.gnu-tools-for-stm32.12.3.rel1.win32_1.0.100.202403111256/tools/bin/../lib/gcc/arm-none-eabi/12.3.1/thumb/v7e-m+fp/hard/crti.o
LOAD C:/ST/STM32CubeIDE_1.15.0/STM32CubeIDE/plugins/com.st.stm32cube.ide.mcu.externaltools.gnu-tools-for-stm32.12.3.rel1.win32_1.0.100.202403111256/tools/bin/../lib/gcc/arm-none-eabi/12.3.1/thumb/v7e-m+fp/hard/crtbegin.o
LOAD C:/ST/STM32CubeIDE_1.15.0/STM32CubeIDE/plugins/com.st.stm32cube.ide.mcu.externaltools.gnu-tools-for-stm32.12.3.rel1.win32_1.0.100.202403111256/tools/bin/../lib/gcc/arm-none-eabi/12.3.1/../../../../arm-none-eabi/lib/thumb/v7e-m+fp/hard/crt0.o
LOAD ./Core/Inc/test_function.o
LOAD ./Core/Src/main.o
LOAD ./Core/Src/stm32f4xx_hal_msp.o
LOAD ./Core/Src/stm32f4xx_it.o
LOAD ./Core/Src/syscalls.o
LOAD ./Core/Src/sysmem.o
LOAD ./Core/Src/system_stm32f4xx.o
LOAD ./Core/Src/uart.o
LOAD ./Core/Startup/startup_stm32f407vgtx.o
START GROUP
LOAD C:/ST/STM32CubeIDE_1.15.0/STM32CubeIDE/plugins/com.st.stm32cube.ide.mcu.externaltools.gnu-tools-for-stm32.12.3.rel1.win32_1.0.100.202403111256/tools/bin/../lib/gcc/arm-none-eabi/12.3.1/../../../../arm-none-eabi/lib/thumb/v7e-m+fp/hard\libc_nano.a
LOAD C:/ST/STM32CubeIDE_1.15.0/STM32CubeIDE/plugins/com.st.stm32cube.ide.mcu.externaltools.gnu-tools-for-stm32.12.3.rel1.win32_1.0.100.202403111256/tools/bin/../lib/gcc/arm-none-eabi/12.3.1/../../../../arm-none-eabi/lib/thumb/v7e-m+fp/hard\libm.a
END GROUP
START GROUP
LOAD C:/ST/STM32CubeIDE_1.15.0/STM32CubeIDE/plugins/com.st.stm32cube.ide.mcu.externaltools.gnu-tools-for-stm32.12.3.rel1.win32_1.0.100.202403111256/tools/bin/../lib/gcc/arm-none-eabi/12.3.1/thumb/v7e-m+fp/hard\libgcc.a
LOAD C:/ST/STM32CubeIDE_1.15.0/STM32CubeIDE/plugins/com.st.stm32cube.ide.mcu.externaltools.gnu-tools-for-stm32.12.3.rel1.win32_1.0.100.202403111256/tools/bin/../lib/gcc/arm-none-eabi/12.3.1/../../../../arm-none-eabi/lib/thumb/v7e-m+fp/hard\libc_nano.a
END GROUP
START GROUP
LOAD C:/ST/STM32CubeIDE_1.15.0/STM32CubeIDE/plugins/com.st.stm32cube.ide.mcu.externaltools.gnu-tools-for-stm32.12.3.rel1.win32_1.0.100.202403111256/tools/bin/../lib/gcc/arm-none-eabi/12.3.1/thumb/v7e-m+fp/hard\libgcc.a
LOAD C:/ST/STM32CubeIDE_1.15.0/STM32CubeIDE/plugins/com.st.stm32cube.ide.mcu.externaltools.gnu-tools-for-stm32.12.3.rel1.win32_1.0.100.202403111256/tools/bin/../lib/gcc/arm-none-eabi/12.3.1/../../../../arm-none-eabi/lib/thumb/v7e-m+fp/hard\libc_nano.a
LOAD C:/ST/STM32CubeIDE_1.15.0/STM32CubeIDE/plugins/com.st.stm32cube.ide.mcu.externaltools.gnu-tools-for-stm32.12.3.rel1.win32_1.0.100.202403111256/tools/bin/../lib/gcc/arm-none-eabi/12.3.1/../../../../arm-none-eabi/lib/thumb/v7e-m+fp/hard\libnosys.a
END GROUP
START GROUP
LOAD C:/ST/STM32CubeIDE_1.15.0/STM32CubeIDE/plugins/com.st.stm32cube.ide.mcu.externaltools.gnu-tools-for-stm32.12.3.rel1.win32_1.0.100.202403111256/tools/bin/../lib/gcc/arm-none-eabi/12.3.1/thumb/v7e-m+fp/hard\libgcc.a
LOAD C:/ST/STM32CubeIDE_1.15.0/STM32CubeIDE/plugins/com.st.stm32cube.ide.mcu.externaltools.gnu-tools-for-stm32.12.3.rel1.win32_1.0.100.202403111256/tools/bin/../lib/gcc/arm-none-eabi/12.3.1/../../../../arm-none-eabi/lib/thumb/v7e-m+fp/hard\libc_nano.a
LOAD C:/ST/STM32CubeIDE_1.15.0/STM32CubeIDE/plugins/com.st.stm32cube.ide.mcu.externaltools.gnu-tools-for-stm32.12.3.rel1.win32_1.0.100.202403111256/tools/bin/../lib/gcc/arm-none-eabi/12.3.1/../../../../arm-none-eabi/lib/thumb/v7e-m+fp/hard\libnosys.a
END GROUP
LOAD C:/ST/STM32CubeIDE_1.15.0/STM32CubeIDE/plugins/com.st.stm32cube.ide.mcu.externaltools.gnu-tools-for-stm32.12.3.rel1.win32_1.0.100.202403111256/tools/bin/../lib/gcc/arm-none-eabi/12.3.1/thumb/v7e-m+fp/hard/crtend.o
LOAD C:/ST/STM32CubeIDE_1.15.0/STM32CubeIDE/plugins/com.st.stm32cube.ide.mcu.externaltools.gnu-tools-for-stm32.12.3.rel1.win32_1.0.100.202403111256/tools/bin/../lib/gcc/arm-none-eabi/12.3.1/thumb/v7e-m+fp/hard/crtn.o
                0x20020000                        _estack = (ORIGIN (RAM) + LENGTH (RAM))
                0x00000200                        _Min_Heap_Size = 0x200
                0x00000400                        _Min_Stack_Size = 0x400

.isr_vector     0x08000000      0x188
                0x08000000                        . = ALIGN (0x4)
 *(.isr_vector)
 .isr_vector    0x08000000      0x188 ./Core/Startup/startup_stm32f407vgtx.o
                0x08000000                g_pfnVectors
                0x08000188                        . = ALIGN (0x4)

.text           0x08000188      0xe14
                0x08000188                        . = ALIGN (0x4)
 *(.text)
 .text          0x08000188       0x40 C:/ST/STM32CubeIDE_1.15.0/STM32CubeIDE/plugins/com.st.stm32cube.ide.mcu.externaltools.gnu-tools-for-stm32.12.3.rel1.win32_1.0.100.202403111256/tools/bin/../lib/gcc/arm-none-eabi/12.3.1/thumb/v7e-m+fp/hard/crtbegin.o
 .text          0x080001c8       0x30 C:/ST/STM32CubeIDE_1.15.0/STM32CubeIDE/plugins/com.st.stm32cube.ide.mcu.externaltools.gnu-tools-for-stm32.12.3.rel1.win32_1.0.100.202403111256/tools/bin/../lib/gcc/arm-none-eabi/12.3.1/thumb/v7e-m+fp/hard\libgcc.a(_aeabi_uldivmod.o)
                0x080001c8                __aeabi_uldivmod
 .text          0x080001f8      0x2bc C:/ST/STM32CubeIDE_1.15.0/STM32CubeIDE/plugins/com.st.stm32cube.ide.mcu.externaltools.gnu-tools-for-stm32.12.3.rel1.win32_1.0.100.202403111256/tools/bin/../lib/gcc/arm-none-eabi/12.3.1/thumb/v7e-m+fp/hard\libgcc.a(_udivmoddi4.o)
                0x080001f8                __udivmoddi4
 .text          0x080004b4        0x4 C:/ST/STM32CubeIDE_1.15.0/STM32CubeIDE/plugins/com.st.stm32cube.ide.mcu.externaltools.gnu-tools-for-stm32.12.3.rel1.win32_1.0.100.202403111256/tools/bin/../lib/gcc/arm-none-eabi/12.3.1/thumb/v7e-m+fp/hard\libgcc.a(_dvmd_tls.o)
                0x080004b4                __aeabi_idiv0
                0x080004b4                __aeabi_ldiv0
 *(.text*)
 .text.main     0x080004b8       0x88 ./Core/Src/main.o
                0x080004b8                main
 .text.NMI_Handler
                0x08000540        0x8 ./Core/Src/stm32f4xx_it.o
                0x08000540                NMI_Handler
 .text.HardFault_Handler
                0x08000548        0x8 ./Core/Src/stm32f4xx_it.o
                0x08000548                HardFault_Handler
 .text.MemManage_Handler
                0x08000550        0x8 ./Core/Src/stm32f4xx_it.o
                0x08000550                MemManage_Handler
 .text.BusFault_Handler
                0x08000558        0x8 ./Core/Src/stm32f4xx_it.o
                0x08000558                BusFault_Handler
 .text.UsageFault_Handler
                0x08000560        0x8 ./Core/Src/stm32f4xx_it.o
                0x08000560                UsageFault_Handler
 .text.SVC_Handler
                0x08000568        0xe ./Core/Src/stm32f4xx_it.o
                0x08000568                SVC_Handler
 .text.DebugMon_Handler
                0x08000576        0xe ./Core/Src/stm32f4xx_it.o
                0x08000576                DebugMon_Handler
 .text.PendSV_Handler
                0x08000584        0xe ./Core/Src/stm32f4xx_it.o
                0x08000584                PendSV_Handler
 .text.SysTick_Handler
                0x08000592        0xe ./Core/Src/stm32f4xx_it.o
                0x08000592                SysTick_Handler
 .text.USART2_IRQHandler
                0x080005a0       0x14 ./Core/Src/stm32f4xx_it.o
                0x080005a0                USART2_IRQHandler
 .text.DMA1_Stream5_IRQHandler
                0x080005b4       0x18 ./Core/Src/stm32f4xx_it.o
                0x080005b4                DMA1_Stream5_IRQHandler
 .text.DMA1_Stream6_IRQHandler
                0x080005cc       0x18 ./Core/Src/stm32f4xx_it.o
                0x080005cc                DMA1_Stream6_IRQHandler
 .text.SystemInit
                0x080005e4       0x24 ./Core/Src/system_stm32f4xx.o
                0x080005e4                SystemInit
 .text.__NVIC_EnableIRQ
                0x08000608       0x3c ./Core/Src/uart.o
 .text.__NVIC_SetPriority
                0x08000644       0x54 ./Core/Src/uart.o
 .text._DMA1_Stream6_IRQHandler
                0x08000698       0x86 ./Core/Src/uart.o
                0x08000698                _DMA1_Stream6_IRQHandler
 .text._DMA1_Stream5_IRQHandler
                0x0800071e       0x62 ./Core/Src/uart.o
                0x0800071e                _DMA1_Stream5_IRQHandler
 .text.disable_dma_stream
                0x08000780       0x62 ./Core/Src/uart.o
                0x08000780                disable_dma_stream
 .text.enable_dma_stream
                0x080007e2       0x40 ./Core/Src/uart.o
                0x080007e2                enable_dma_stream
 *fill*         0x08000822        0x2 
 .text.stream_config_for_dma_transmit
                0x08000824       0x8c ./Core/Src/uart.o
                0x08000824                stream_config_for_dma_transmit
 .text.usart_periph_clock_init
                0x080008b0       0x38 ./Core/Src/uart.o
                0x080008b0                usart_periph_clock_init
 .text._usart_IRQHandler
                0x080008e8       0xec ./Core/Src/uart.o
                0x080008e8                _usart_IRQHandler
 .text.usart_gpio_init
                0x080009d4       0xbe ./Core/Src/uart.o
                0x080009d4                usart_gpio_init
 *fill*         0x08000a92        0x2 
 .text.usart_config_function
                0x08000a94       0xa8 ./Core/Src/uart.o
                0x08000a94                usart_config_function
 .text.DMAx_interrupt_config
                0x08000b3c       0x38 ./Core/Src/uart.o
                0x08000b3c                DMAx_interrupt_config
 .text.usart_interrupt_config
                0x08000b74       0x5c ./Core/Src/uart.o
                0x08000b74                usart_interrupt_config
 .text.global_interrupt_enable
                0x08000bd0       0x2a ./Core/Src/uart.o
                0x08000bd0                global_interrupt_enable
 .text.usart_transmit_it
                0x08000bfa       0x80 ./Core/Src/uart.o
                0x08000bfa                usart_transmit_it
 .text.usart_receive_it
                0x08000c7a       0x6e ./Core/Src/uart.o
                0x08000c7a                usart_receive_it
 .text.usart_set_baudrate
                0x08000ce8      0x200 ./Core/Src/uart.o
                0x08000ce8                usart_set_baudrate
 .text.Reset_Handler
                0x08000ee8       0x50 ./Core/Startup/startup_stm32f407vgtx.o
                0x08000ee8                Reset_Handler
 .text.Default_Handler
                0x08000f38        0x2 ./Core/Startup/startup_stm32f407vgtx.o
                0x08000f38                RTC_Alarm_IRQHandler
                0x08000f38                HASH_RNG_IRQHandler
                0x08000f38                EXTI2_IRQHandler
                0x08000f38                TIM8_CC_IRQHandler
                0x08000f38                TIM1_CC_IRQHandler
                0x08000f38                DMA2_Stream5_IRQHandler
                0x08000f38                PVD_IRQHandler
                0x08000f38                SDIO_IRQHandler
                0x08000f38                TAMP_STAMP_IRQHandler
                0x08000f38                CAN2_RX1_IRQHandler
                0x08000f38                EXTI3_IRQHandler
                0x08000f38                TIM8_TRG_COM_TIM14_IRQHandler
                0x08000f38                TIM1_UP_TIM10_IRQHandler
                0x08000f38                TIM8_UP_TIM13_IRQHandler
                0x08000f38                I2C3_ER_IRQHandler
                0x08000f38                EXTI0_IRQHandler
                0x08000f38                I2C2_EV_IRQHandler
                0x08000f38                DMA1_Stream2_IRQHandler
                0x08000f38                CAN1_RX0_IRQHandler
                0x08000f38                FPU_IRQHandler
                0x08000f38                OTG_HS_WKUP_IRQHandler
                0x08000f38                CAN2_SCE_IRQHandler
                0x08000f38                DMA2_Stream2_IRQHandler
                0x08000f38                SPI1_IRQHandler
                0x08000f38                TIM6_DAC_IRQHandler
                0x08000f38                TIM1_BRK_TIM9_IRQHandler
                0x08000f38                DCMI_IRQHandler
                0x08000f38                CAN2_RX0_IRQHandler
                0x08000f38                DMA2_Stream3_IRQHandler
                0x08000f38                USART6_IRQHandler
                0x08000f38                USART3_IRQHandler
                0x08000f38                CAN1_RX1_IRQHandler
                0x08000f38                UART5_IRQHandler
                0x08000f38                DMA2_Stream0_IRQHandler
                0x08000f38                TIM4_IRQHandler
                0x08000f38                I2C1_EV_IRQHandler
                0x08000f38                DMA1_Stream1_IRQHandler
                0x08000f38                UART4_IRQHandler
                0x08000f38                TIM3_IRQHandler
                0x08000f38                RCC_IRQHandler
                0x08000f38                TIM8_BRK_TIM12_IRQHandler
                0x08000f38                Default_Handler
                0x08000f38                EXTI15_10_IRQHandler
                0x08000f38                ADC_IRQHandler
                0x08000f38                DMA1_Stream7_IRQHandler
                0x08000f38                TIM7_IRQHandler
                0x08000f38                CAN2_TX_IRQHandler
                0x08000f38                TIM5_IRQHandler
                0x08000f38                DMA2_Stream7_IRQHandler
                0x08000f38                I2C3_EV_IRQHandler
                0x08000f38                EXTI9_5_IRQHandler
                0x08000f38                RTC_WKUP_IRQHandler
                0x08000f38                ETH_WKUP_IRQHandler
                0x08000f38                SPI2_IRQHandler
                0x08000f38                OTG_HS_EP1_IN_IRQHandler
                0x08000f38                DMA1_Stream0_IRQHandler
                0x08000f38                CAN1_TX_IRQHandler
                0x08000f38                EXTI4_IRQHandler
                0x08000f38                FSMC_IRQHandler
                0x08000f38                ETH_IRQHandler
                0x08000f38                OTG_HS_EP1_OUT_IRQHandler
                0x08000f38                WWDG_IRQHandler
                0x08000f38                TIM2_IRQHandler
                0x08000f38                OTG_FS_WKUP_IRQHandler
                0x08000f38                TIM1_TRG_COM_TIM11_IRQHandler
                0x08000f38                OTG_HS_IRQHandler
                0x08000f38                EXTI1_IRQHandler
                0x08000f38                I2C2_ER_IRQHandler
                0x08000f38                DMA2_Stream1_IRQHandler
                0x08000f38                CAN1_SCE_IRQHandler
                0x08000f38                FLASH_IRQHandler
                0x08000f38                DMA2_Stream4_IRQHandler
                0x08000f38                USART1_IRQHandler
                0x08000f38                OTG_FS_IRQHandler
                0x08000f38                SPI3_IRQHandler
                0x08000f38                DMA1_Stream4_IRQHandler
                0x08000f38                I2C1_ER_IRQHandler
                0x08000f38                DMA2_Stream6_IRQHandler
                0x08000f38                DMA1_Stream3_IRQHandler
 *fill*         0x08000f3a        0x2 
 .text.__libc_init_array
                0x08000f3c       0x48 C:/ST/STM32CubeIDE_1.15.0/STM32CubeIDE/plugins/com.st.stm32cube.ide.mcu.externaltools.gnu-tools-for-stm32.12.3.rel1.win32_1.0.100.202403111256/tools/bin/../lib/gcc/arm-none-eabi/12.3.1/../../../../arm-none-eabi/lib/thumb/v7e-m+fp/hard\libc_nano.a(libc_a-init.o)
                0x08000f3c                __libc_init_array
 *(.glue_7)
 .glue_7        0x08000f84        0x0 linker stubs
 *(.glue_7t)
 .glue_7t       0x08000f84        0x0 linker stubs
 *(.eh_frame)
 .eh_frame      0x08000f84        0x0 C:/ST/STM32CubeIDE_1.15.0/STM32CubeIDE/plugins/com.st.stm32cube.ide.mcu.externaltools.gnu-tools-for-stm32.12.3.rel1.win32_1.0.100.202403111256/tools/bin/../lib/gcc/arm-none-eabi/12.3.1/thumb/v7e-m+fp/hard/crtbegin.o
 *(.init)
 .init          0x08000f84        0x4 C:/ST/STM32CubeIDE_1.15.0/STM32CubeIDE/plugins/com.st.stm32cube.ide.mcu.externaltools.gnu-tools-for-stm32.12.3.rel1.win32_1.0.100.202403111256/tools/bin/../lib/gcc/arm-none-eabi/12.3.1/thumb/v7e-m+fp/hard/crti.o
                0x08000f84                _init
 .init          0x08000f88        0x8 C:/ST/STM32CubeIDE_1.15.0/STM32CubeIDE/plugins/com.st.stm32cube.ide.mcu.externaltools.gnu-tools-for-stm32.12.3.rel1.win32_1.0.100.202403111256/tools/bin/../lib/gcc/arm-none-eabi/12.3.1/thumb/v7e-m+fp/hard/crtn.o
 *(.fini)
 .fini          0x08000f90        0x4 C:/ST/STM32CubeIDE_1.15.0/STM32CubeIDE/plugins/com.st.stm32cube.ide.mcu.externaltools.gnu-tools-for-stm32.12.3.rel1.win32_1.0.100.202403111256/tools/bin/../lib/gcc/arm-none-eabi/12.3.1/thumb/v7e-m+fp/hard/crti.o
                0x08000f90                _fini
 .fini          0x08000f94        0x8 C:/ST/STM32CubeIDE_1.15.0/STM32CubeIDE/plugins/com.st.stm32cube.ide.mcu.externaltools.gnu-tools-for-stm32.12.3.rel1.win32_1.0.100.202403111256/tools/bin/../lib/gcc/arm-none-eabi/12.3.1/thumb/v7e-m+fp/hard/crtn.o
                0x08000f9c                        . = ALIGN (0x4)
                0x08000f9c                        _etext = .

.vfp11_veneer   0x08000f9c        0x0
 .vfp11_veneer  0x08000f9c        0x0 linker stubs

.v4_bx          0x08000f9c        0x0
 .v4_bx         0x08000f9c        0x0 linker stubs

.iplt           0x08000f9c        0x0
 .iplt          0x08000f9c        0x0 C:/ST/STM32CubeIDE_1.15.0/STM32CubeIDE/plugins/com.st.stm32cube.ide.mcu.externaltools.gnu-tools-for-stm32.12.3.rel1.win32_1.0.100.202403111256/tools/bin/../lib/gcc/arm-none-eabi/12.3.1/thumb/v7e-m+fp/hard/crtbegin.o

.rodata         0x08000f9c        0x4
                0x08000f9c                        . = ALIGN (0x4)
 *(.rodata)
 *(.rodata*)
 .rodata.TxBuffer
                0x08000f9c        0x4 ./Core/Src/main.o
                0x08000f9c                TxBuffer
                0x08000fa0                        . = ALIGN (0x4)

.ARM.extab      0x08000fa0        0x0
                0x08000fa0                        . = ALIGN (0x4)
 *(.ARM.extab* .gnu.linkonce.armextab.*)
                0x08000fa0                        . = ALIGN (0x4)

.ARM            0x08000fa0        0x8
                0x08000fa0                        . = ALIGN (0x4)
                0x08000fa0                        __exidx_start = .
 *(.ARM.exidx*)
 .ARM.exidx     0x08000fa0        0x8 C:/ST/STM32CubeIDE_1.15.0/STM32CubeIDE/plugins/com.st.stm32cube.ide.mcu.externaltools.gnu-tools-for-stm32.12.3.rel1.win32_1.0.100.202403111256/tools/bin/../lib/gcc/arm-none-eabi/12.3.1/thumb/v7e-m+fp/hard\libgcc.a(_udivmoddi4.o)
                0x08000fa8                        __exidx_end = .
                0x08000fa8                        . = ALIGN (0x4)

.preinit_array  0x08000fa8        0x0
                0x08000fa8                        . = ALIGN (0x4)
                0x08000fa8                        PROVIDE (__preinit_array_start = .)
 *(.preinit_array*)
                0x08000fa8                        PROVIDE (__preinit_array_end = .)
                0x08000fa8                        . = ALIGN (0x4)

.init_array     0x08000fa8        0x4
                0x08000fa8                        . = ALIGN (0x4)
                0x08000fa8                        PROVIDE (__init_array_start = .)
 *(SORT_BY_NAME(.init_array.*))
 *(.init_array*)
 .init_array    0x08000fa8        0x4 C:/ST/STM32CubeIDE_1.15.0/STM32CubeIDE/plugins/com.st.stm32cube.ide.mcu.externaltools.gnu-tools-for-stm32.12.3.rel1.win32_1.0.100.202403111256/tools/bin/../lib/gcc/arm-none-eabi/12.3.1/thumb/v7e-m+fp/hard/crtbegin.o
                0x08000fac                        PROVIDE (__init_array_end = .)
                0x08000fac                        . = ALIGN (0x4)

.fini_array     0x08000fac        0x4
                0x08000fac                        . = ALIGN (0x4)
                [!provide]                        PROVIDE (__fini_array_start = .)
 *(SORT_BY_NAME(.fini_array.*))
 *(.fini_array*)
 .fini_array    0x08000fac        0x4 C:/ST/STM32CubeIDE_1.15.0/STM32CubeIDE/plugins/com.st.stm32cube.ide.mcu.externaltools.gnu-tools-for-stm32.12.3.rel1.win32_1.0.100.202403111256/tools/bin/../lib/gcc/arm-none-eabi/12.3.1/thumb/v7e-m+fp/hard/crtbegin.o
                [!provide]                        PROVIDE (__fini_array_end = .)
                0x08000fb0                        . = ALIGN (0x4)
                0x08000fb0                        _sidata = LOADADDR (.data)

.rel.dyn        0x08000fb0        0x0
 .rel.iplt      0x08000fb0        0x0 C:/ST/STM32CubeIDE_1.15.0/STM32CubeIDE/plugins/com.st.stm32cube.ide.mcu.externaltools.gnu-tools-for-stm32.12.3.rel1.win32_1.0.100.202403111256/tools/bin/../lib/gcc/arm-none-eabi/12.3.1/thumb/v7e-m+fp/hard/crtbegin.o

.data           0x20000000        0x0 load address 0x08000fb0
                0x20000000                        . = ALIGN (0x4)
                0x20000000                        _sdata = .
 *(.data)
 *(.data*)
 *(.RamFunc)
 *(.RamFunc*)
                0x20000000                        . = ALIGN (0x4)
                0x20000000                        _edata = .
                0x08000fb0                        _siccmram = LOADADDR (.ccmram)

.igot.plt       0x20000000        0x0 load address 0x08000fb0
 .igot.plt      0x20000000        0x0 C:/ST/STM32CubeIDE_1.15.0/STM32CubeIDE/plugins/com.st.stm32cube.ide.mcu.externaltools.gnu-tools-for-stm32.12.3.rel1.win32_1.0.100.202403111256/tools/bin/../lib/gcc/arm-none-eabi/12.3.1/thumb/v7e-m+fp/hard/crtbegin.o

.ccmram         0x10000000        0x0 load address 0x08000fb0
                0x10000000                        . = ALIGN (0x4)
                0x10000000                        _sccmram = .
 *(.ccmram)
 *(.ccmram*)
                0x10000000                        . = ALIGN (0x4)
                0x10000000                        _eccmram = .
                0x10000000                        . = ALIGN (0x4)

.bss            0x20000000       0x34
                0x20000000                        _sbss = .
                0x20000000                        __bss_start__ = _sbss
 *(.bss)
 .bss           0x20000000       0x1c C:/ST/STM32CubeIDE_1.15.0/STM32CubeIDE/plugins/com.st.stm32cube.ide.mcu.externaltools.gnu-tools-for-stm32.12.3.rel1.win32_1.0.100.202403111256/tools/bin/../lib/gcc/arm-none-eabi/12.3.1/thumb/v7e-m+fp/hard/crtbegin.o
 *(.bss*)
 .bss.usart_base_obj
                0x2000001c       0x14 ./Core/Src/main.o
                0x2000001c                usart_base_obj
 .bss.RxBuffer  0x20000030        0x4 ./Core/Src/main.o
                0x20000030                RxBuffer
 *(COMMON)
                0x20000034                        . = ALIGN (0x4)
                0x20000034                        _ebss = .
                0x20000034                        __bss_end__ = _ebss

._user_heap_stack
                0x20000034      0x604
                0x20000038                        . = ALIGN (0x8)
 *fill*         0x20000034        0x4 
                [!provide]                        PROVIDE (end = .)
                0x20000038                        PROVIDE (_end = .)
                0x20000238                        . = (. + _Min_Heap_Size)
 *fill*         0x20000038      0x200 
                0x20000638                        . = (. + _Min_Stack_Size)
 *fill*         0x20000238      0x400 
                0x20000638                        . = ALIGN (0x8)

/DISCARD/
 libc.a(*)
 libm.a(*)
 libgcc.a(*)

.ARM.attributes
                0x00000000       0x30
 *(.ARM.attributes)
 .ARM.attributes
                0x00000000       0x22 C:/ST/STM32CubeIDE_1.15.0/STM32CubeIDE/plugins/com.st.stm32cube.ide.mcu.externaltools.gnu-tools-for-stm32.12.3.rel1.win32_1.0.100.202403111256/tools/bin/../lib/gcc/arm-none-eabi/12.3.1/thumb/v7e-m+fp/hard/crti.o
 .ARM.attributes
                0x00000022       0x34 C:/ST/STM32CubeIDE_1.15.0/STM32CubeIDE/plugins/com.st.stm32cube.ide.mcu.externaltools.gnu-tools-for-stm32.12.3.rel1.win32_1.0.100.202403111256/tools/bin/../lib/gcc/arm-none-eabi/12.3.1/thumb/v7e-m+fp/hard/crtbegin.o
 .ARM.attributes
                0x00000056       0x34 ./Core/Src/main.o
 .ARM.attributes
                0x0000008a       0x34 ./Core/Src/stm32f4xx_it.o
 .ARM.attributes
                0x000000be       0x34 ./Core/Src/system_stm32f4xx.o
 .ARM.attributes
                0x000000f2       0x34 ./Core/Src/uart.o
 .ARM.attributes
                0x00000126       0x21 ./Core/Startup/startup_stm32f407vgtx.o
 .ARM.attributes
                0x00000147       0x34 C:/ST/STM32CubeIDE_1.15.0/STM32CubeIDE/plugins/com.st.stm32cube.ide.mcu.externaltools.gnu-tools-for-stm32.12.3.rel1.win32_1.0.100.202403111256/tools/bin/../lib/gcc/arm-none-eabi/12.3.1/../../../../arm-none-eabi/lib/thumb/v7e-m+fp/hard\libc_nano.a(libc_a-init.o)
 .ARM.attributes
                0x0000017b       0x22 C:/ST/STM32CubeIDE_1.15.0/STM32CubeIDE/plugins/com.st.stm32cube.ide.mcu.externaltools.gnu-tools-for-stm32.12.3.rel1.win32_1.0.100.202403111256/tools/bin/../lib/gcc/arm-none-eabi/12.3.1/thumb/v7e-m+fp/hard\libgcc.a(_aeabi_uldivmod.o)
 .ARM.attributes
                0x0000019d       0x34 C:/ST/STM32CubeIDE_1.15.0/STM32CubeIDE/plugins/com.st.stm32cube.ide.mcu.externaltools.gnu-tools-for-stm32.12.3.rel1.win32_1.0.100.202403111256/tools/bin/../lib/gcc/arm-none-eabi/12.3.1/thumb/v7e-m+fp/hard\libgcc.a(_udivmoddi4.o)
 .ARM.attributes
                0x000001d1       0x22 C:/ST/STM32CubeIDE_1.15.0/STM32CubeIDE/plugins/com.st.stm32cube.ide.mcu.externaltools.gnu-tools-for-stm32.12.3.rel1.win32_1.0.100.202403111256/tools/bin/../lib/gcc/arm-none-eabi/12.3.1/thumb/v7e-m+fp/hard\libgcc.a(_dvmd_tls.o)
 .ARM.attributes
                0x000001f3       0x22 C:/ST/STM32CubeIDE_1.15.0/STM32CubeIDE/plugins/com.st.stm32cube.ide.mcu.externaltools.gnu-tools-for-stm32.12.3.rel1.win32_1.0.100.202403111256/tools/bin/../lib/gcc/arm-none-eabi/12.3.1/thumb/v7e-m+fp/hard/crtn.o
OUTPUT(Uart_Driver.elf elf32-littlearm)
LOAD linker stubs
LOAD C:/ST/STM32CubeIDE_1.15.0/STM32CubeIDE/plugins/com.st.stm32cube.ide.mcu.externaltools.gnu-tools-for-stm32.12.3.rel1.win32_1.0.100.202403111256/tools/bin/../lib/gcc/arm-none-eabi/12.3.1/../../../../arm-none-eabi/lib/thumb/v7e-m+fp/hard\libc.a
LOAD C:/ST/STM32CubeIDE_1.15.0/STM32CubeIDE/plugins/com.st.stm32cube.ide.mcu.externaltools.gnu-tools-for-stm32.12.3.rel1.win32_1.0.100.202403111256/tools/bin/../lib/gcc/arm-none-eabi/12.3.1/../../../../arm-none-eabi/lib/thumb/v7e-m+fp/hard\libm.a
LOAD C:/ST/STM32CubeIDE_1.15.0/STM32CubeIDE/plugins/com.st.stm32cube.ide.mcu.externaltools.gnu-tools-for-stm32.12.3.rel1.win32_1.0.100.202403111256/tools/bin/../lib/gcc/arm-none-eabi/12.3.1/thumb/v7e-m+fp/hard\libgcc.a

.debug_info     0x00000000     0x1d80
 .debug_info    0x00000000      0x5fd ./Core/Src/main.o
 .debug_info    0x000005fd      0x331 ./Core/Src/stm32f4xx_it.o
 .debug_info    0x0000092e      0x50b ./Core/Src/system_stm32f4xx.o
 .debug_info    0x00000e39      0xf17 ./Core/Src/uart.o
 .debug_info    0x00001d50       0x30 ./Core/Startup/startup_stm32f407vgtx.o

.debug_abbrev   0x00000000      0x68d
 .debug_abbrev  0x00000000      0x16f ./Core/Src/main.o
 .debug_abbrev  0x0000016f      0x143 ./Core/Src/stm32f4xx_it.o
 .debug_abbrev  0x000002b2      0x11a ./Core/Src/system_stm32f4xx.o
 .debug_abbrev  0x000003cc      0x29d ./Core/Src/uart.o
 .debug_abbrev  0x00000669       0x24 ./Core/Startup/startup_stm32f407vgtx.o

.debug_aranges  0x00000000      0x1a0
 .debug_aranges
                0x00000000       0x20 ./Core/Src/main.o
 .debug_aranges
                0x00000020       0x78 ./Core/Src/stm32f4xx_it.o
 .debug_aranges
                0x00000098       0x28 ./Core/Src/system_stm32f4xx.o
 .debug_aranges
                0x000000c0       0xb8 ./Core/Src/uart.o
 .debug_aranges
                0x00000178       0x28 ./Core/Startup/startup_stm32f407vgtx.o

.debug_rnglists
                0x00000000      0x12a
 .debug_rnglists
                0x00000000       0x14 ./Core/Src/main.o
 .debug_rnglists
                0x00000014       0x55 ./Core/Src/stm32f4xx_it.o
 .debug_rnglists
                0x00000069       0x1a ./Core/Src/system_stm32f4xx.o
 .debug_rnglists
                0x00000083       0x8e ./Core/Src/uart.o
 .debug_rnglists
                0x00000111       0x19 ./Core/Startup/startup_stm32f407vgtx.o

.debug_macro    0x00000000    0x17c7d
 .debug_macro   0x00000000       0xdd ./Core/Src/main.o
 .debug_macro   0x000000dd       0x2f ./Core/Src/main.o
 .debug_macro   0x0000010c       0x22 ./Core/Src/main.o
 .debug_macro   0x0000012e       0x8e ./Core/Src/main.o
 .debug_macro   0x000001bc       0x51 ./Core/Src/main.o
 .debug_macro   0x0000020d      0x103 ./Core/Src/main.o
 .debug_macro   0x00000310       0x6a ./Core/Src/main.o
 .debug_macro   0x0000037a      0x1df ./Core/Src/main.o
 .debug_macro   0x00000559       0x1c ./Core/Src/main.o
 .debug_macro   0x00000575       0x22 ./Core/Src/main.o
 .debug_macro   0x00000597       0xfb ./Core/Src/main.o
 .debug_macro   0x00000692     0x1011 ./Core/Src/main.o
 .debug_macro   0x000016a3      0x11f ./Core/Src/main.o
 .debug_macro   0x000017c2    0x15e97 ./Core/Src/main.o
 .debug_macro   0x00017659      0x189 ./Core/Src/main.o
 .debug_macro   0x000177e2      0x160 ./Core/Src/main.o
 .debug_macro   0x00017942       0xef ./Core/Src/stm32f4xx_it.o
 .debug_macro   0x00017a31       0xda ./Core/Src/system_stm32f4xx.o
 .debug_macro   0x00017b0b       0x2e ./Core/Src/system_stm32f4xx.o
 .debug_macro   0x00017b39       0x6d ./Core/Src/system_stm32f4xx.o
 .debug_macro   0x00017ba6       0xd7 ./Core/Src/uart.o

.debug_line     0x00000000     0x1c9e
 .debug_line    0x00000000      0x509 ./Core/Src/main.o
 .debug_line    0x00000509      0x60e ./Core/Src/stm32f4xx_it.o
 .debug_line    0x00000b17      0x57d ./Core/Src/system_stm32f4xx.o
 .debug_line    0x00001094      0xb90 ./Core/Src/uart.o
 .debug_line    0x00001c24       0x7a ./Core/Startup/startup_stm32f407vgtx.o

.debug_str      0x00000000    0x89762
 .debug_str     0x00000000    0x88a82 ./Core/Src/main.o
                              0x88c85 (size before relaxing)
 .debug_str     0x00088a82      0x13f ./Core/Src/stm32f4xx_it.o
                              0x887d5 (size before relaxing)
 .debug_str     0x00088bc1      0x93a ./Core/Src/system_stm32f4xx.o
                              0x8859b (size before relaxing)
 .debug_str     0x000894fb      0x1e4 ./Core/Src/uart.o
                              0x89043 (size before relaxing)
 .debug_str     0x000896df       0x83 ./Core/Startup/startup_stm32f407vgtx.o

.comment        0x00000000       0x43
 .comment       0x00000000       0x43 ./Core/Src/main.o
                                 0x44 (size before relaxing)
 .comment       0x00000043       0x44 ./Core/Src/stm32f4xx_it.o
 .comment       0x00000043       0x44 ./Core/Src/system_stm32f4xx.o
 .comment       0x00000043       0x44 ./Core/Src/uart.o

.debug_frame    0x00000000      0x58c
 .debug_frame   0x00000000       0x2c ./Core/Src/main.o
 .debug_frame   0x0000002c      0x15c ./Core/Src/stm32f4xx_it.o
 .debug_frame   0x00000188       0x58 ./Core/Src/system_stm32f4xx.o
 .debug_frame   0x000001e0      0x320 ./Core/Src/uart.o
 .debug_frame   0x00000500       0x2c C:/ST/STM32CubeIDE_1.15.0/STM32CubeIDE/plugins/com.st.stm32cube.ide.mcu.externaltools.gnu-tools-for-stm32.12.3.rel1.win32_1.0.100.202403111256/tools/bin/../lib/gcc/arm-none-eabi/12.3.1/../../../../arm-none-eabi/lib/thumb/v7e-m+fp/hard\libc_nano.a(libc_a-init.o)
 .debug_frame   0x0000052c       0x2c C:/ST/STM32CubeIDE_1.15.0/STM32CubeIDE/plugins/com.st.stm32cube.ide.mcu.externaltools.gnu-tools-for-stm32.12.3.rel1.win32_1.0.100.202403111256/tools/bin/../lib/gcc/arm-none-eabi/12.3.1/thumb/v7e-m+fp/hard\libgcc.a(_aeabi_uldivmod.o)
 .debug_frame   0x00000558       0x34 C:/ST/STM32CubeIDE_1.15.0/STM32CubeIDE/plugins/com.st.stm32cube.ide.mcu.externaltools.gnu-tools-for-stm32.12.3.rel1.win32_1.0.100.202403111256/tools/bin/../lib/gcc/arm-none-eabi/12.3.1/thumb/v7e-m+fp/hard\libgcc.a(_udivmoddi4.o)

.debug_line_str
                0x00000000       0x67
 .debug_line_str
                0x00000000       0x67 ./Core/Startup/startup_stm32f407vgtx.o
