../Core/Src/stm32f4xx_it.c:31:6:NMI_Handler	4	static
../Core/Src/stm32f4xx_it.c:43:6:HardFault_Handler	4	static
../Core/Src/stm32f4xx_it.c:58:6:MemManage_Handler	4	static
../Core/Src/stm32f4xx_it.c:73:6:BusFault_Handler	4	static
../Core/Src/stm32f4xx_it.c:88:6:UsageFault_Handler	4	static
../Core/Src/stm32f4xx_it.c:103:6:SVC_Handler	4	static
../Core/Src/stm32f4xx_it.c:116:6:DebugMon_Handler	4	static
../Core/Src/stm32f4xx_it.c:129:6:PendSV_Handler	4	static
../Core/Src/stm32f4xx_it.c:142:6:SysTick_Handler	4	static
../Core/Src/stm32f4xx_it.c:153:6:USART2_IRQHandler	8	static
../Core/Src/stm32f4xx_it.c:165:6:DMA1_Stream5_IRQHandler	8	static
../Core/Src/stm32f4xx_it.c:169:6:DMA1_Stream6_IRQHandler	8	static
